[2024-09-24T12:57:49.276+0000] {taskinstance.py:1171} INFO - Dependencies all met for <TaskInstance: final_projects.QueryPostgreSQL manual__2024-09-24T12:57:47.873581+00:00 [queued]>
[2024-09-24T12:57:49.283+0000] {taskinstance.py:1171} INFO - Dependencies all met for <TaskInstance: final_projects.QueryPostgreSQL manual__2024-09-24T12:57:47.873581+00:00 [queued]>
[2024-09-24T12:57:49.283+0000] {taskinstance.py:1368} INFO - 
--------------------------------------------------------------------------------
[2024-09-24T12:57:49.283+0000] {taskinstance.py:1369} INFO - Starting attempt 1 of 1
[2024-09-24T12:57:49.283+0000] {taskinstance.py:1370} INFO - 
--------------------------------------------------------------------------------
[2024-09-24T12:57:49.293+0000] {taskinstance.py:1389} INFO - Executing <Task(PythonOperator): QueryPostgreSQL> on 2024-09-24 12:57:47.873581+00:00
[2024-09-24T12:57:49.302+0000] {standard_task_runner.py:52} INFO - Started process 330 to run task
[2024-09-24T12:57:49.305+0000] {standard_task_runner.py:79} INFO - Running: ['***', 'tasks', 'run', 'final_projects', 'QueryPostgreSQL', 'manual__2024-09-24T12:57:47.873581+00:00', '--job-id', '16', '--raw', '--subdir', 'DAGS_FOLDER/final_projects_DAGS.py', '--cfg-path', '/tmp/tmpzau8e8u9', '--error-file', '/tmp/tmpm1hqakf0']
[2024-09-24T12:57:49.306+0000] {standard_task_runner.py:80} INFO - Job 16: Subtask QueryPostgreSQL
[2024-09-24T12:57:49.367+0000] {task_command.py:371} INFO - Running <TaskInstance: final_projects.QueryPostgreSQL manual__2024-09-24T12:57:47.873581+00:00 [running]> on host a08a8d3729b5
[2024-09-24T12:57:49.434+0000] {taskinstance.py:1583} INFO - Exporting the following env vars:
AIRFLOW_CTX_DAG_OWNER=***
AIRFLOW_CTX_DAG_ID=final_projects
AIRFLOW_CTX_TASK_ID=QueryPostgreSQL
AIRFLOW_CTX_EXECUTION_DATE=2024-09-24T12:57:47.873581+00:00
AIRFLOW_CTX_TRY_NUMBER=1
AIRFLOW_CTX_DAG_RUN_ID=manual__2024-09-24T12:57:47.873581+00:00
[2024-09-24T12:57:49.468+0000] {logging_mixin.py:115} INFO - -------Data Saved------
[2024-09-24T12:57:49.469+0000] {python.py:173} INFO - Done. Returned value was: None
[2024-09-24T12:57:49.480+0000] {taskinstance.py:1412} INFO - Marking task as SUCCESS. dag_id=final_projects, task_id=QueryPostgreSQL, execution_date=20240924T125747, start_date=20240924T125749, end_date=20240924T125749
[2024-09-24T12:57:49.528+0000] {local_task_job.py:156} INFO - Task exited with return code 0
[2024-09-24T12:57:49.566+0000] {local_task_job.py:279} INFO - 0 downstream tasks scheduled from follow-on schedule check
