[2024-09-24T13:01:23.498+0000] {taskinstance.py:1171} INFO - Dependencies all met for <TaskInstance: final_projects.QueryPostgreSQL manual__2024-09-24T13:01:21.714890+00:00 [queued]>
[2024-09-24T13:01:23.504+0000] {taskinstance.py:1171} INFO - Dependencies all met for <TaskInstance: final_projects.QueryPostgreSQL manual__2024-09-24T13:01:21.714890+00:00 [queued]>
[2024-09-24T13:01:23.504+0000] {taskinstance.py:1368} INFO - 
--------------------------------------------------------------------------------
[2024-09-24T13:01:23.504+0000] {taskinstance.py:1369} INFO - Starting attempt 1 of 1
[2024-09-24T13:01:23.505+0000] {taskinstance.py:1370} INFO - 
--------------------------------------------------------------------------------
[2024-09-24T13:01:23.514+0000] {taskinstance.py:1389} INFO - Executing <Task(PythonOperator): QueryPostgreSQL> on 2024-09-24 13:01:21.714890+00:00
[2024-09-24T13:01:23.521+0000] {standard_task_runner.py:52} INFO - Started process 378 to run task
[2024-09-24T13:01:23.526+0000] {standard_task_runner.py:79} INFO - Running: ['***', 'tasks', 'run', 'final_projects', 'QueryPostgreSQL', 'manual__2024-09-24T13:01:21.714890+00:00', '--job-id', '18', '--raw', '--subdir', 'DAGS_FOLDER/final_projects_DAGS.py', '--cfg-path', '/tmp/tmp8iw3uvru', '--error-file', '/tmp/tmp8__v1so0']
[2024-09-24T13:01:23.528+0000] {standard_task_runner.py:80} INFO - Job 18: Subtask QueryPostgreSQL
[2024-09-24T13:01:23.596+0000] {task_command.py:371} INFO - Running <TaskInstance: final_projects.QueryPostgreSQL manual__2024-09-24T13:01:21.714890+00:00 [running]> on host a08a8d3729b5
[2024-09-24T13:01:23.669+0000] {taskinstance.py:1583} INFO - Exporting the following env vars:
AIRFLOW_CTX_DAG_OWNER=***
AIRFLOW_CTX_DAG_ID=final_projects
AIRFLOW_CTX_TASK_ID=QueryPostgreSQL
AIRFLOW_CTX_EXECUTION_DATE=2024-09-24T13:01:21.714890+00:00
AIRFLOW_CTX_TRY_NUMBER=1
AIRFLOW_CTX_DAG_RUN_ID=manual__2024-09-24T13:01:21.714890+00:00
[2024-09-24T13:01:23.693+0000] {logging_mixin.py:115} INFO - -------Data Saved------
[2024-09-24T13:01:23.693+0000] {python.py:173} INFO - Done. Returned value was: None
[2024-09-24T13:01:23.703+0000] {taskinstance.py:1412} INFO - Marking task as SUCCESS. dag_id=final_projects, task_id=QueryPostgreSQL, execution_date=20240924T130121, start_date=20240924T130123, end_date=20240924T130123
[2024-09-24T13:01:23.746+0000] {local_task_job.py:156} INFO - Task exited with return code 0
[2024-09-24T13:01:23.782+0000] {local_task_job.py:279} INFO - 1 downstream tasks scheduled from follow-on schedule check
