[2024-09-24T12:52:50.459+0000] {taskinstance.py:1171} INFO - Dependencies all met for <TaskInstance: final_projects.QueryPostgreSQL scheduled__2024-09-12T06:30:00+00:00 [queued]>
[2024-09-24T12:52:50.507+0000] {taskinstance.py:1171} INFO - Dependencies all met for <TaskInstance: final_projects.QueryPostgreSQL scheduled__2024-09-12T06:30:00+00:00 [queued]>
[2024-09-24T12:52:50.509+0000] {taskinstance.py:1368} INFO - 
--------------------------------------------------------------------------------
[2024-09-24T12:52:50.511+0000] {taskinstance.py:1369} INFO - Starting attempt 1 of 1
[2024-09-24T12:52:50.511+0000] {taskinstance.py:1370} INFO - 
--------------------------------------------------------------------------------
[2024-09-24T12:52:50.551+0000] {taskinstance.py:1389} INFO - Executing <Task(PythonOperator): QueryPostgreSQL> on 2024-09-12 06:30:00+00:00
[2024-09-24T12:52:50.594+0000] {standard_task_runner.py:52} INFO - Started process 241 to run task
[2024-09-24T12:52:50.625+0000] {standard_task_runner.py:79} INFO - Running: ['***', 'tasks', 'run', 'final_projects', 'QueryPostgreSQL', 'scheduled__2024-09-12T06:30:00+00:00', '--job-id', '3', '--raw', '--subdir', 'DAGS_FOLDER/final_projects_DAGS.py', '--cfg-path', '/tmp/tmpsts2oq0t', '--error-file', '/tmp/tmpjyzc7yik']
[2024-09-24T12:52:50.636+0000] {standard_task_runner.py:80} INFO - Job 3: Subtask QueryPostgreSQL
[2024-09-24T12:52:51.072+0000] {task_command.py:371} INFO - Running <TaskInstance: final_projects.QueryPostgreSQL scheduled__2024-09-12T06:30:00+00:00 [running]> on host a08a8d3729b5
[2024-09-24T12:52:51.356+0000] {taskinstance.py:1583} INFO - Exporting the following env vars:
AIRFLOW_CTX_DAG_OWNER=***
AIRFLOW_CTX_DAG_ID=final_projects
AIRFLOW_CTX_TASK_ID=QueryPostgreSQL
AIRFLOW_CTX_EXECUTION_DATE=2024-09-12T06:30:00+00:00
AIRFLOW_CTX_TRY_NUMBER=1
AIRFLOW_CTX_DAG_RUN_ID=scheduled__2024-09-12T06:30:00+00:00
[2024-09-24T12:52:51.403+0000] {taskinstance.py:1902} ERROR - Task failed with exception
Traceback (most recent call last):
  File "/home/airflow/.local/lib/python3.7/site-packages/airflow/operators/python.py", line 171, in execute
    return_value = self.execute_callable()
  File "/home/airflow/.local/lib/python3.7/site-packages/airflow/operators/python.py", line 189, in execute_callable
    return self.python_callable(*self.op_args, **self.op_kwargs)
  File "/opt/airflow/dags/final_projects_DAGS.py", line 19, in queryPostgresql
    conn = db.connect(conn_string)
  File "/home/airflow/.local/lib/python3.7/site-packages/psycopg2/__init__.py", line 122, in connect
    conn = _connect(dsn, connection_factory=connection_factory, **kwasync)
psycopg2.OperationalError: FATAL:  database "final_projects" does not exist

[2024-09-24T12:52:51.497+0000] {taskinstance.py:1412} INFO - Marking task as FAILED. dag_id=final_projects, task_id=QueryPostgreSQL, execution_date=20240912T063000, start_date=20240924T125250, end_date=20240924T125251
[2024-09-24T12:52:51.557+0000] {standard_task_runner.py:97} ERROR - Failed to execute job 3 for task QueryPostgreSQL (FATAL:  database "final_projects" does not exist
; 241)
[2024-09-24T12:52:51.609+0000] {local_task_job.py:156} INFO - Task exited with return code 1
[2024-09-24T12:52:51.907+0000] {local_task_job.py:279} INFO - 0 downstream tasks scheduled from follow-on schedule check
